// Jest Snapshot v1, https://goo.gl/fbAQLP

exports[`expect html elements to render correctly 1`] = `"<section class=\\"hero has-background-info my-fullheight square\\"><div class=\\"hero-body\\"><div class=\\"container\\"><div class=\\"columns is-centered\\"><div class=\\"column is-6-tablet is-5-desktop is-4-widescreen is-large login-box\\"><div class=\\"box\\"><h1 class=\\"title is-4\\">Sign Up</h1><div class=\\"field\\"><label for=\\"name\\" class=\\"label\\">Name</label><div class=\\"control has-icons-left\\"><input name=\\"name\\" type=\\"text\\" id=\\"inputName\\" placeholder=\\"e.g. Bob Smith\\" class=\\"input form-control\\" required=\\"\\"><span class=\\"icon is-small is-left\\"><i class=\\"fa fa-user\\"></i></span></div></div><div class=\\"field\\"><label for=\\"email\\" class=\\"label\\">Email</label><div class=\\"control has-icons-left\\"><input name=\\"email\\" type=\\"email\\" placeholder=\\"e.g. bobsmith@gmail.com\\" class=\\"input form-control\\" required=\\"\\"><span class=\\"icon is-small is-left\\"><i class=\\"fa fa-envelope\\"></i></span></div></div><div class=\\"field\\"><label for=\\"password\\" class=\\"label\\">Password</label><div class=\\"control has-icons-left\\"><input name=\\"password\\" type=\\"password\\" id=\\"inputPassword\\" placeholder=\\"*******\\" class=\\"input form-control\\" required=\\"\\"><span class=\\"icon is-small is-left\\"><i class=\\"fa fa-lock\\"></i></span></div></div><div class=\\"field\\"><label for=\\"confirmPassword\\" class=\\"label\\">Confirm Password</label><div class=\\"control has-icons-left\\"><input name=\\"c_password\\" type=\\"password\\" id=\\"inputCPassword\\" placeholder=\\"*******\\" class=\\"input form-control\\" required=\\"\\"><span class=\\"icon is-small is-left\\"><i class=\\"fa fa-lock\\"></i></span></div></div><div class=\\"field\\"><label for=\\"checkbox\\" class=\\"checkbox\\"><input type=\\"checkbox\\" id=\\"checkbox\\"> Remember me</label></div><div class=\\"field\\"><button class=\\"button is-info is-fullwidth\\" type=\\"submit\\">Sign Up</button></div></div></div></div></div></div></section>"`;
