// Jest Snapshot v1, https://goo.gl/fbAQLP

exports[`expect html elements to render correctly 1`] = `"<section class=\\"hero has-background-info my-fullheight square\\"><div class=\\"hero-body\\"><div class=\\"container\\"><div class=\\"columns is-centered\\"><div class=\\"column is-6-tablet is-5-desktop is-4-widescreen is-large login-box\\"><div class=\\"box\\"><h1 class=\\"title is-4\\">Sign In</h1><div class=\\"field\\"><label for=\\"email\\" class=\\"label\\">Email</label><div class=\\"control has-icons-left\\"><input name=\\"email\\" type=\\"email\\" id=\\"inputEmail\\" placeholder=\\"e.g. bobsmith@gmail.com\\" class=\\"input form-control\\" required=\\"\\"><span class=\\"icon is-small is-left\\"><i class=\\"fa fa-envelope\\"></i></span></div></div><div class=\\"field\\"><label for=\\"password\\" class=\\"label\\">Password</label><div class=\\"control has-icons-left\\"><input name=\\"password\\" type=\\"password\\" id=\\"inputPassword\\" placeholder=\\"*******\\" class=\\"input form-control\\" required=\\"\\"><span class=\\"icon is-small is-left\\"><i class=\\"fa fa-lock\\"></i></span></div></div><div class=\\"field\\"><label for=\\"checkbox\\" class=\\"checkbox\\"><input type=\\"checkbox\\" id=\\"checkbox\\"> Remember me</label></div><div class=\\"field\\"><button class=\\"button is-primary is-fullwidth\\">Sign In</button></div><div class=\\"not-registered is-centered\\"><p>Donâ€™t have an account?</p><a href=\\"/signup\\">Sign up</a></div></div></div></div></div></div></section>"`;
